2024-09-04 13:30:01 INFO Starting application
2024-09-04 13:30:02 INFO Loading configuration
2024-09-04 13:30:03 INFO Database connection established
2024-09-04 13:30:05 WARN Configuration file not found, using defaults
2024-09-04 13:30:10 INFO User login: admin
2024-09-04 13:30:15 ERROR Failed to connect to external service: Connection timeout
2024-09-04 13:30:16 INFO Retrying connection...
2024-09-04 13:30:20 ERROR Connection failed again: Network unreachable
2024-09-04 13:30:25 WARN Falling back to local cache
2024-09-04 13:30:30 INFO Processing user request
2024-09-04 13:30:35 ERROR Database query failed: Table 'users' doesn't exist
2024-09-04 13:30:36 ERROR Exception in thread "main" java.sql.SQLException: Table 'users' doesn't exist
	at com.example.DatabaseManager.query(DatabaseManager.java:45)
	at com.example.UserService.getUser(UserService.java:23)
	at com.example.Controller.handleRequest(Controller.java:67)
2024-09-04 13:30:40 WARN Attempting database recovery
2024-09-04 13:30:45 INFO Database recovery completed
2024-09-04 13:30:50 INFO Application ready
2024-09-04 13:31:00 ERROR Memory usage critical: 95% used
2024-09-04 13:31:05 WARN Garbage collection triggered
2024-09-04 13:31:10 INFO Memory usage normalized: 45% used
2024-09-04 13:31:15 INFO Processing batch job
2024-09-04 13:31:20 ERROR Batch job failed: OutOfMemoryError
2024-09-04 13:31:25 ERROR java.lang.OutOfMemoryError: Java heap space
	at java.util.Arrays.copyOf(Arrays.java:3210)
	at java.util.ArrayList.grow(ArrayList.java:267)
	at java.util.ArrayList.ensureExplicitCapacity(ArrayList.java:241)
2024-09-04 13:31:30 WARN System performance degraded
2024-09-04 13:31:35 INFO Restarting services
2024-09-04 13:31:40 INFO All services restarted successfully
